
> dscpms-backend@1.0.0 test
> jest --coverage --verbose user.test.js

[32minfo[39m: Incoming request {"ip":"::ffff:127.0.0.1","method":"POST","service":"dscpms-api","timestamp":"2025-12-22 03:51:52","url":"/api/v1/auth/register"}
[32minfo[39m: New user registered: testgoon {"service":"dscpms-api","timestamp":"2025-12-22 03:51:52"}
[32minfo[39m: Request completed {"duration":"247ms","method":"POST","service":"dscpms-api","status":201,"timestamp":"2025-12-22 03:51:52","url":"/api/v1/auth/register"}
[32minfo[39m: Incoming request {"ip":"::ffff:127.0.0.1","method":"POST","service":"dscpms-api","timestamp":"2025-12-22 03:51:52","url":"/api/v1/auth/register"}
[32minfo[39m: New user registered: testhashira {"service":"dscpms-api","timestamp":"2025-12-22 03:51:52"}
[32minfo[39m: Request completed {"duration":"196ms","method":"POST","service":"dscpms-api","status":201,"timestamp":"2025-12-22 03:51:53","url":"/api/v1/auth/register"}
[32minfo[39m: Incoming request {"ip":"::ffff:127.0.0.1","method":"POST","service":"dscpms-api","timestamp":"2025-12-22 03:51:53","url":"/api/v1/auth/register"}
[32minfo[39m: New user registered: testadmin {"service":"dscpms-api","timestamp":"2025-12-22 03:51:53"}
[32minfo[39m: Request completed {"duration":"169ms","method":"POST","service":"dscpms-api","status":201,"timestamp":"2025-12-22 03:51:53","url":"/api/v1/auth/register"}
[32minfo[39m: Incoming request {"ip":"::ffff:127.0.0.1","method":"POST","service":"dscpms-api","timestamp":"2025-12-22 03:51:53","url":"/api/v1/auth/login"}
[32minfo[39m: User logged in: testgoon {"service":"dscpms-api","timestamp":"2025-12-22 03:51:53"}
[32minfo[39m: Request completed {"duration":"192ms","method":"POST","service":"dscpms-api","status":200,"timestamp":"2025-12-22 03:51:53","url":"/api/v1/auth/login"}
[32minfo[39m: Incoming request {"ip":"::ffff:127.0.0.1","method":"POST","service":"dscpms-api","timestamp":"2025-12-22 03:51:53","url":"/api/v1/auth/login"}
[32minfo[39m: User logged in: testhashira {"service":"dscpms-api","timestamp":"2025-12-22 03:51:53"}
[32minfo[39m: Request completed {"duration":"188ms","method":"POST","service":"dscpms-api","status":200,"timestamp":"2025-12-22 03:51:53","url":"/api/v1/auth/login"}
[32minfo[39m: Incoming request {"ip":"::ffff:127.0.0.1","method":"POST","service":"dscpms-api","timestamp":"2025-12-22 03:51:53","url":"/api/v1/auth/login"}
[32minfo[39m: User logged in: testadmin {"service":"dscpms-api","timestamp":"2025-12-22 03:51:53"}
[32minfo[39m: Request completed {"duration":"215ms","method":"POST","service":"dscpms-api","status":200,"timestamp":"2025-12-22 03:51:53","url":"/api/v1/auth/login"}
[32minfo[39m: Incoming request {"ip":"::ffff:127.0.0.1","method":"POST","service":"dscpms-api","timestamp":"2025-12-22 03:51:53","url":"/api/v1/teams/create"}
[32minfo[39m: Loaded 1 license configurations from environment {"service":"dscpms-api","timestamp":"2025-12-22 03:51:53"}
[32minfo[39m: License USER-TEST-2025 assigned to team User Test Team {"service":"dscpms-api","timestamp":"2025-12-22 03:51:53"}
[32minfo[39m: Team User Test Team created by user 3 {"service":"dscpms-api","timestamp":"2025-12-22 03:51:53"}
[32minfo[39m: Request completed {"duration":"56ms","method":"POST","service":"dscpms-api","status":200,"timestamp":"2025-12-22 03:51:53","url":"/api/v1/teams/create"}
[32minfo[39m: Incoming request {"ip":"::ffff:127.0.0.1","method":"POST","service":"dscpms-api","timestamp":"2025-12-22 03:51:53","url":"/api/v1/teams/1/members"}
[32minfo[39m: Request completed {"duration":"7ms","method":"POST","service":"dscpms-api","status":400,"timestamp":"2025-12-22 03:51:53","url":"/api/v1/teams/1/members"}
[32minfo[39m: Incoming request {"ip":"::ffff:127.0.0.1","method":"POST","service":"dscpms-api","timestamp":"2025-12-22 03:51:53","url":"/api/v1/teams/1/members"}
[32minfo[39m: Request completed {"duration":"7ms","method":"POST","service":"dscpms-api","status":400,"timestamp":"2025-12-22 03:51:53","url":"/api/v1/teams/1/members"}
[32minfo[39m: Incoming request {"ip":"::ffff:127.0.0.1","method":"POST","service":"dscpms-api","timestamp":"2025-12-22 03:51:53","url":"/api/v1/auth/login"}
[32minfo[39m: User logged in: testgoon {"service":"dscpms-api","timestamp":"2025-12-22 03:51:54"}
[32minfo[39m: Request completed {"duration":"168ms","method":"POST","service":"dscpms-api","status":200,"timestamp":"2025-12-22 03:51:54","url":"/api/v1/auth/login"}
[32minfo[39m: Incoming request {"ip":"::ffff:127.0.0.1","method":"POST","service":"dscpms-api","timestamp":"2025-12-22 03:51:54","url":"/api/v1/auth/login"}
[32minfo[39m: User logged in: testhashira {"service":"dscpms-api","timestamp":"2025-12-22 03:51:54"}
[32minfo[39m: Request completed {"duration":"172ms","method":"POST","service":"dscpms-api","status":200,"timestamp":"2025-12-22 03:51:54","url":"/api/v1/auth/login"}
[32minfo[39m: Incoming request {"ip":"::ffff:127.0.0.1","method":"POST","service":"dscpms-api","timestamp":"2025-12-22 03:51:54","url":"/api/v1/auth/login"}
[32minfo[39m: User logged in: testadmin {"service":"dscpms-api","timestamp":"2025-12-22 03:51:54"}
[32minfo[39m: Request completed {"duration":"188ms","method":"POST","service":"dscpms-api","status":200,"timestamp":"2025-12-22 03:51:54","url":"/api/v1/auth/login"}
[32minfo[39m: Incoming request {"ip":"::ffff:127.0.0.1","method":"GET","service":"dscpms-api","timestamp":"2025-12-22 03:51:54","url":"/api/v1/users"}
[32minfo[39m: Request completed {"duration":"18ms","method":"GET","service":"dscpms-api","status":200,"timestamp":"2025-12-22 03:51:54","url":"/api/v1/users"}
[32minfo[39m: Incoming request {"ip":"::ffff:127.0.0.1","method":"GET","service":"dscpms-api","timestamp":"2025-12-22 03:51:54","url":"/api/v1/users"}
[32minfo[39m: Request completed {"duration":"7ms","method":"GET","service":"dscpms-api","status":403,"timestamp":"2025-12-22 03:51:54","url":"/api/v1/users"}
[32minfo[39m: Incoming request {"ip":"::ffff:127.0.0.1","method":"GET","service":"dscpms-api","timestamp":"2025-12-22 03:51:54","url":"/api/v1/users"}
[32minfo[39m: Request completed {"duration":"5ms","method":"GET","service":"dscpms-api","status":403,"timestamp":"2025-12-22 03:51:54","url":"/api/v1/users"}
[32minfo[39m: Incoming request {"ip":"::ffff:127.0.0.1","method":"GET","service":"dscpms-api","timestamp":"2025-12-22 03:51:54","url":"/api/v1/users"}
[32minfo[39m: Request completed {"duration":"2ms","method":"GET","service":"dscpms-api","status":401,"timestamp":"2025-12-22 03:51:54","url":"/api/v1/users"}
[32minfo[39m: Incoming request {"ip":"::ffff:127.0.0.1","method":"GET","service":"dscpms-api","timestamp":"2025-12-22 03:51:54","url":"/api/v1/users"}
[32minfo[39m: Request completed {"duration":"11ms","method":"GET","service":"dscpms-api","status":200,"timestamp":"2025-12-22 03:51:54","url":"/api/v1/users"}
[32minfo[39m: Incoming request {"ip":"::ffff:127.0.0.1","method":"GET","service":"dscpms-api","timestamp":"2025-12-22 03:51:54","url":"/api/v1/users"}
[32minfo[39m: Request completed {"duration":"12ms","method":"GET","service":"dscpms-api","status":200,"timestamp":"2025-12-22 03:51:54","url":"/api/v1/users"}
[32minfo[39m: Incoming request {"ip":"::ffff:127.0.0.1","method":"GET","service":"dscpms-api","timestamp":"2025-12-22 03:51:54","url":"/api/v1/users/1"}
[32minfo[39m: Request completed {"duration":"11ms","method":"GET","service":"dscpms-api","status":200,"timestamp":"2025-12-22 03:51:54","url":"/api/v1/users/1"}
[32minfo[39m: Incoming request {"ip":"::ffff:127.0.0.1","method":"GET","service":"dscpms-api","timestamp":"2025-12-22 03:51:54","url":"/api/v1/users/2"}
[32minfo[39m: Request completed {"duration":"9ms","method":"GET","service":"dscpms-api","status":200,"timestamp":"2025-12-22 03:51:54","url":"/api/v1/users/2"}
[32minfo[39m: Incoming request {"ip":"::ffff:127.0.0.1","method":"POST","service":"dscpms-api","timestamp":"2025-12-22 03:51:54","url":"/api/v1/auth/register"}
[32minfo[39m: New user registered: otherteamuser {"service":"dscpms-api","timestamp":"2025-12-22 03:51:54"}
[32minfo[39m: Request completed {"duration":"169ms","method":"POST","service":"dscpms-api","status":201,"timestamp":"2025-12-22 03:51:54","url":"/api/v1/auth/register"}
[32minfo[39m: Incoming request {"ip":"::ffff:127.0.0.1","method":"GET","service":"dscpms-api","timestamp":"2025-12-22 03:51:54","url":"/api/v1/users/4"}
[32minfo[39m: Request completed {"duration":"9ms","method":"GET","service":"dscpms-api","status":200,"timestamp":"2025-12-22 03:51:54","url":"/api/v1/users/4"}
[32minfo[39m: Incoming request {"ip":"::ffff:127.0.0.1","method":"GET","service":"dscpms-api","timestamp":"2025-12-22 03:51:54","url":"/api/v1/users/1"}
[32minfo[39m: Request completed {"duration":"8ms","method":"GET","service":"dscpms-api","status":200,"timestamp":"2025-12-22 03:51:54","url":"/api/v1/users/1"}
[32minfo[39m: Incoming request {"ip":"::ffff:127.0.0.1","method":"GET","service":"dscpms-api","timestamp":"2025-12-22 03:51:54","url":"/api/v1/users/99999"}
[31merror[39m: Get user error: User not found {"service":"dscpms-api","stack":"Error: User not found\n    at UserService.getUserById (/app/src/services/UserService.js:51:23)\n    at processTicksAndRejections (node:internal/process/task_queues:105:5)\n    at getUserById (/app/src/controllers/UserController.js:19:20)","status":404,"timestamp":"2025-12-22 03:51:54"}
[31merror[39m: User not found {"method":"GET","service":"dscpms-api","stack":"Error: User not found\n    at UserService.getUserById (/app/src/services/UserService.js:51:23)\n    at processTicksAndRejections (node:internal/process/task_queues:105:5)\n    at getUserById (/app/src/controllers/UserController.js:19:20)","timestamp":"2025-12-22 03:51:54","url":"/api/v1/users/99999"}
[32minfo[39m: Request completed {"duration":"26ms","method":"GET","service":"dscpms-api","status":404,"timestamp":"2025-12-22 03:51:54","url":"/api/v1/users/99999"}
[32minfo[39m: Incoming request {"ip":"::ffff:127.0.0.1","method":"GET","service":"dscpms-api","timestamp":"2025-12-22 03:51:54","url":"/api/v1/users/invalid"}
[31merror[39m: Get user error: Invalid user ID format {"service":"dscpms-api","stack":"Error: Invalid user ID format\n    at UserService.getUserById (/app/src/services/UserService.js:38:23)\n    at getUserById (/app/src/controllers/UserController.js:19:38)\n    at Layer.handle [as handle_request] (/app/node_modules/express/lib/router/layer.js:95:5)\n    at next (/app/node_modules/express/lib/router/route.js:149:13)\n    at Route.dispatch (/app/node_modules/express/lib/router/route.js:119:3)\n    at Layer.handle [as handle_request] (/app/node_modules/express/lib/router/layer.js:95:5)\n    at /app/node_modules/express/lib/router/index.js:284:15\n    at param (/app/node_modules/express/lib/router/index.js:365:14)\n    at param (/app/node_modules/express/lib/router/index.js:376:14)\n    at Function.process_params (/app/node_modules/express/lib/router/index.js:421:3)\n    at next (/app/node_modules/express/lib/router/index.js:280:10)\n    at next (/app/src/middleware/auth.js:33:5)\n    at processTicksAndRejections (node:internal/process/task_queues:105:5)","status":400,"timestamp":"2025-12-22 03:51:54"}
[31merror[39m: Invalid user ID format {"method":"GET","service":"dscpms-api","stack":"Error: Invalid user ID format\n    at UserService.getUserById (/app/src/services/UserService.js:38:23)\n    at getUserById (/app/src/controllers/UserController.js:19:38)\n    at Layer.handle [as handle_request] (/app/node_modules/express/lib/router/layer.js:95:5)\n    at next (/app/node_modules/express/lib/router/route.js:149:13)\n    at Route.dispatch (/app/node_modules/express/lib/router/route.js:119:3)\n    at Layer.handle [as handle_request] (/app/node_modules/express/lib/router/layer.js:95:5)\n    at /app/node_modules/express/lib/router/index.js:284:15\n    at param (/app/node_modules/express/lib/router/index.js:365:14)\n    at param (/app/node_modules/express/lib/router/index.js:376:14)\n    at Function.process_params (/app/node_modules/express/lib/router/index.js:421:3)\n    at next (/app/node_modules/express/lib/router/index.js:280:10)\n    at next (/app/src/middleware/auth.js:33:5)\n    at processTicksAndRejections (node:internal/process/task_queues:105:5)","timestamp":"2025-12-22 03:51:54","url":"/api/v1/users/invalid"}
[32minfo[39m: Request completed {"duration":"10ms","method":"GET","service":"dscpms-api","status":400,"timestamp":"2025-12-22 03:51:54","url":"/api/v1/users/invalid"}
[32minfo[39m: Incoming request {"ip":"::ffff:127.0.0.1","method":"GET","service":"dscpms-api","timestamp":"2025-12-22 03:51:54","url":"/api/v1/users/1"}
[32minfo[39m: Request completed {"duration":"2ms","method":"GET","service":"dscpms-api","status":401,"timestamp":"2025-12-22 03:51:54","url":"/api/v1/users/1"}
[32minfo[39m: Incoming request {"ip":"::ffff:127.0.0.1","method":"PUT","service":"dscpms-api","timestamp":"2025-12-22 03:51:54","url":"/api/v1/users/1"}
[32minfo[39m: User updated: testgoon {"service":"dscpms-api","timestamp":"2025-12-22 03:51:54"}
[32minfo[39m: Request completed {"duration":"19ms","method":"PUT","service":"dscpms-api","status":200,"timestamp":"2025-12-22 03:51:54","url":"/api/v1/users/1"}
[32minfo[39m: Incoming request {"ip":"::ffff:127.0.0.1","method":"PUT","service":"dscpms-api","timestamp":"2025-12-22 03:51:54","url":"/api/v1/users/1"}
[32minfo[39m: User updated: testgoon {"service":"dscpms-api","timestamp":"2025-12-22 03:51:54"}
[32minfo[39m: Request completed {"duration":"18ms","method":"PUT","service":"dscpms-api","status":200,"timestamp":"2025-12-22 03:51:54","url":"/api/v1/users/1"}
[32minfo[39m: Incoming request {"ip":"::ffff:127.0.0.1","method":"PUT","service":"dscpms-api","timestamp":"2025-12-22 03:51:54","url":"/api/v1/users/2"}
[32minfo[39m: User updated: testhashira {"service":"dscpms-api","timestamp":"2025-12-22 03:51:54"}
[32minfo[39m: Request completed {"duration":"19ms","method":"PUT","service":"dscpms-api","status":200,"timestamp":"2025-12-22 03:51:54","url":"/api/v1/users/2"}
[32minfo[39m: Incoming request {"ip":"::ffff:127.0.0.1","method":"PUT","service":"dscpms-api","timestamp":"2025-12-22 03:51:54","url":"/api/v1/users/2"}
[32minfo[39m: Request completed {"duration":"6ms","method":"PUT","service":"dscpms-api","status":403,"timestamp":"2025-12-22 03:51:54","url":"/api/v1/users/2"}
[32minfo[39m: Incoming request {"ip":"::ffff:127.0.0.1","method":"PUT","service":"dscpms-api","timestamp":"2025-12-22 03:51:54","url":"/api/v1/users/1"}
[32minfo[39m: User updated: testgoon {"service":"dscpms-api","timestamp":"2025-12-22 03:51:54"}
[32minfo[39m: Request completed {"duration":"8ms","method":"PUT","service":"dscpms-api","status":200,"timestamp":"2025-12-22 03:51:54","url":"/api/v1/users/1"}
[32minfo[39m: Incoming request {"ip":"::ffff:127.0.0.1","method":"POST","service":"dscpms-api","timestamp":"2025-12-22 03:51:54","url":"/api/v1/auth/register"}
[32minfo[39m: New user registered: rolechange {"service":"dscpms-api","timestamp":"2025-12-22 03:51:55"}
[32minfo[39m: Request completed {"duration":"167ms","method":"POST","service":"dscpms-api","status":201,"timestamp":"2025-12-22 03:51:55","url":"/api/v1/auth/register"}
[32minfo[39m: Incoming request {"ip":"::ffff:127.0.0.1","method":"PUT","service":"dscpms-api","timestamp":"2025-12-22 03:51:55","url":"/api/v1/users/5/role"}
[32minfo[39m: User role updated: rolechange -> HASHIRA {"service":"dscpms-api","timestamp":"2025-12-22 03:51:55"}
[32minfo[39m: Request completed {"duration":"20ms","method":"PUT","service":"dscpms-api","status":200,"timestamp":"2025-12-22 03:51:55","url":"/api/v1/users/5/role"}
[32minfo[39m: Incoming request {"ip":"::ffff:127.0.0.1","method":"PUT","service":"dscpms-api","timestamp":"2025-12-22 03:51:55","url":"/api/v1/users/1"}
[32minfo[39m: Request completed {"duration":"7ms","method":"PUT","service":"dscpms-api","status":400,"timestamp":"2025-12-22 03:51:55","url":"/api/v1/users/1"}
[32minfo[39m: Incoming request {"ip":"::ffff:127.0.0.1","method":"PUT","service":"dscpms-api","timestamp":"2025-12-22 03:51:55","url":"/api/v1/users/1"}
[31merror[39m: Update user error: Validation error {"errors":[{"instance":{"balance":"0.00","bio":"Admin updated bio","created_at":"2025-12-22T03:51:52.000Z","email":"hashira@test.com","id":1,"isActive":true,"lastLogin":"2025-12-22T03:51:54.000Z","profilePicture":"https://example.com/avatar.jpg","role":"GOON","teamId":null,"updated_at":"2025-12-22T03:51:55.144Z","username":"testgoon"},"message":"email must be unique","origin":"DB","path":"email","type":"unique violation","validatorArgs":[],"validatorKey":"not_unique","validatorName":null,"value":"hashira@test.com"}],"fields":{"email":"hashira@test.com"},"name":"SequelizeUniqueConstraintError","original":{"code":"ER_DUP_ENTRY","errno":1062,"parameters":["hashira@test.com","2025-12-22 03:51:55",1],"sql":"UPDATE `users` SET `email`=?,`updated_at`=? WHERE `id` = ?","sqlMessage":"Duplicate entry 'hashira@test.com' for key 'users.email'","sqlState":"23000"},"parent":{"code":"ER_DUP_ENTRY","errno":1062,"parameters":["hashira@test.com","2025-12-22 03:51:55",1],"sql":"UPDATE `users` SET `email`=?,`updated_at`=? WHERE `id` = ?","sqlMessage":"Duplicate entry 'hashira@test.com' for key 'users.email'","sqlState":"23000"},"service":"dscpms-api","sql":"UPDATE `users` SET `email`=?,`updated_at`=? WHERE `id` = ?","stack":"Error: \n    at Query.run (/app/node_modules/sequelize/src/dialects/mysql/query.js:46:25)\n    at /app/node_modules/sequelize/src/sequelize.js:650:28\n    at processTicksAndRejections (node:internal/process/task_queues:105:5)\n    at MySQLQueryInterface.update (/app/node_modules/sequelize/src/dialects/abstract/query-interface.js:898:12)\n    at model.save (/app/node_modules/sequelize/src/model.js:4154:35)\n    at model.update (/app/node_modules/sequelize/src/model.js:4343:12)\n    at UserService.updateUser (/app/src/services/UserService.js:158:7)\n    at updateUser (/app/src/controllers/UserController.js:54:20)","timestamp":"2025-12-22 03:51:55"}
[31merror[39m: Validation error {"method":"PUT","service":"dscpms-api","stack":"Error: \n    at Query.run (/app/node_modules/sequelize/src/dialects/mysql/query.js:46:25)\n    at /app/node_modules/sequelize/src/sequelize.js:650:28\n    at processTicksAndRejections (node:internal/process/task_queues:105:5)\n    at MySQLQueryInterface.update (/app/node_modules/sequelize/src/dialects/abstract/query-interface.js:898:12)\n    at model.save (/app/node_modules/sequelize/src/model.js:4154:35)\n    at model.update (/app/node_modules/sequelize/src/model.js:4343:12)\n    at UserService.updateUser (/app/src/services/UserService.js:158:7)\n    at updateUser (/app/src/controllers/UserController.js:54:20)","timestamp":"2025-12-22 03:51:55","url":"/api/v1/users/1"}
[32minfo[39m: Request completed {"duration":"70ms","method":"PUT","service":"dscpms-api","status":409,"timestamp":"2025-12-22 03:51:55","url":"/api/v1/users/1"}
[32minfo[39m: Incoming request {"ip":"::ffff:127.0.0.1","method":"PUT","service":"dscpms-api","timestamp":"2025-12-22 03:51:55","url":"/api/v1/users/1"}
[31merror[39m: Update user error: Validation error {"errors":[{"instance":{"balance":"0.00","bio":"Admin updated bio","created_at":"2025-12-22T03:51:52.000Z","email":"goon@test.com","id":1,"isActive":true,"lastLogin":"2025-12-22T03:51:54.000Z","profilePicture":"https://example.com/avatar.jpg","role":"GOON","teamId":null,"updated_at":"2025-12-22T03:51:55.220Z","username":"testhashira"},"message":"username must be unique","origin":"DB","path":"username","type":"unique violation","validatorArgs":[],"validatorKey":"not_unique","validatorName":null,"value":"testhashira"}],"fields":{"username":"testhashira"},"name":"SequelizeUniqueConstraintError","original":{"code":"ER_DUP_ENTRY","errno":1062,"parameters":["testhashira","2025-12-22 03:51:55",1],"sql":"UPDATE `users` SET `username`=?,`updated_at`=? WHERE `id` = ?","sqlMessage":"Duplicate entry 'testhashira' for key 'users.username'","sqlState":"23000"},"parent":{"code":"ER_DUP_ENTRY","errno":1062,"parameters":["testhashira","2025-12-22 03:51:55",1],"sql":"UPDATE `users` SET `username`=?,`updated_at`=? WHERE `id` = ?","sqlMessage":"Duplicate entry 'testhashira' for key 'users.username'","sqlState":"23000"},"service":"dscpms-api","sql":"UPDATE `users` SET `username`=?,`updated_at`=? WHERE `id` = ?","stack":"Error: \n    at Query.run (/app/node_modules/sequelize/src/dialects/mysql/query.js:46:25)\n    at /app/node_modules/sequelize/src/sequelize.js:650:28\n    at processTicksAndRejections (node:internal/process/task_queues:105:5)\n    at MySQLQueryInterface.update (/app/node_modules/sequelize/src/dialects/abstract/query-interface.js:898:12)\n    at model.save (/app/node_modules/sequelize/src/model.js:4154:35)\n    at model.update (/app/node_modules/sequelize/src/model.js:4343:12)\n    at UserService.updateUser (/app/src/services/UserService.js:158:7)\n    at updateUser (/app/src/controllers/UserController.js:54:20)","timestamp":"2025-12-22 03:51:55"}
[31merror[39m: Validation error {"method":"PUT","service":"dscpms-api","stack":"Error: \n    at Query.run (/app/node_modules/sequelize/src/dialects/mysql/query.js:46:25)\n    at /app/node_modules/sequelize/src/sequelize.js:650:28\n    at processTicksAndRejections (node:internal/process/task_queues:105:5)\n    at MySQLQueryInterface.update (/app/node_modules/sequelize/src/dialects/abstract/query-interface.js:898:12)\n    at model.save (/app/node_modules/sequelize/src/model.js:4154:35)\n    at model.update (/app/node_modules/sequelize/src/model.js:4343:12)\n    at UserService.updateUser (/app/src/services/UserService.js:158:7)\n    at updateUser (/app/src/controllers/UserController.js:54:20)","timestamp":"2025-12-22 03:51:55","url":"/api/v1/users/1"}
[32minfo[39m: Request completed {"duration":"17ms","method":"PUT","service":"dscpms-api","status":409,"timestamp":"2025-12-22 03:51:55","url":"/api/v1/users/1"}
[32minfo[39m: Incoming request {"ip":"::ffff:127.0.0.1","method":"PUT","service":"dscpms-api","timestamp":"2025-12-22 03:51:55","url":"/api/v1/users/1"}
[32minfo[39m: User updated: testgoon {"service":"dscpms-api","timestamp":"2025-12-22 03:51:55"}
[32minfo[39m: Request completed {"duration":"8ms","method":"PUT","service":"dscpms-api","status":200,"timestamp":"2025-12-22 03:51:55","url":"/api/v1/users/1"}
[32minfo[39m: Incoming request {"ip":"::ffff:127.0.0.1","method":"POST","service":"dscpms-api","timestamp":"2025-12-22 03:51:55","url":"/api/v1/auth/login"}
[32minfo[39m: User logged in: testgoon {"service":"dscpms-api","timestamp":"2025-12-22 03:51:55"}
[32minfo[39m: Request completed {"duration":"174ms","method":"POST","service":"dscpms-api","status":200,"timestamp":"2025-12-22 03:51:55","url":"/api/v1/auth/login"}
[32minfo[39m: Incoming request {"ip":"::ffff:127.0.0.1","method":"PUT","service":"dscpms-api","timestamp":"2025-12-22 03:51:55","url":"/api/v1/users/1"}
[32minfo[39m: User updated: testgoon {"service":"dscpms-api","timestamp":"2025-12-22 03:51:55"}
[32minfo[39m: Request completed {"duration":"8ms","method":"PUT","service":"dscpms-api","status":200,"timestamp":"2025-12-22 03:51:55","url":"/api/v1/users/1"}
[32minfo[39m: Incoming request {"ip":"::ffff:127.0.0.1","method":"POST","service":"dscpms-api","timestamp":"2025-12-22 03:51:55","url":"/api/v1/auth/register"}
[32minfo[39m: New user registered: deleteme1766375515441 {"service":"dscpms-api","timestamp":"2025-12-22 03:51:55"}
[32minfo[39m: Request completed {"duration":"173ms","method":"POST","service":"dscpms-api","status":201,"timestamp":"2025-12-22 03:51:55","url":"/api/v1/auth/register"}
[32minfo[39m: Incoming request {"ip":"::ffff:127.0.0.1","method":"DELETE","service":"dscpms-api","timestamp":"2025-12-22 03:51:55","url":"/api/v1/users/6"}
[32minfo[39m: User deactivated: deleteme1766375515441 {"service":"dscpms-api","timestamp":"2025-12-22 03:51:55"}
[32minfo[39m: Request completed {"duration":"19ms","method":"DELETE","service":"dscpms-api","status":200,"timestamp":"2025-12-22 03:51:55","url":"/api/v1/users/6"}
[32minfo[39m: Incoming request {"ip":"::ffff:127.0.0.1","method":"GET","service":"dscpms-api","timestamp":"2025-12-22 03:51:55","url":"/api/v1/users/6"}
[32minfo[39m: Request completed {"duration":"10ms","method":"GET","service":"dscpms-api","status":200,"timestamp":"2025-12-22 03:51:55","url":"/api/v1/users/6"}
[32minfo[39m: Incoming request {"ip":"::ffff:127.0.0.1","method":"POST","service":"dscpms-api","timestamp":"2025-12-22 03:51:55","url":"/api/v1/auth/register"}
[32minfo[39m: New user registered: deleteme1766375515657 {"service":"dscpms-api","timestamp":"2025-12-22 03:51:55"}
[32minfo[39m: Request completed {"duration":"174ms","method":"POST","service":"dscpms-api","status":201,"timestamp":"2025-12-22 03:51:55","url":"/api/v1/auth/register"}
[32minfo[39m: Incoming request {"ip":"::ffff:127.0.0.1","method":"DELETE","service":"dscpms-api","timestamp":"2025-12-22 03:51:55","url":"/api/v1/users/7"}
[32minfo[39m: Request completed {"duration":"6ms","method":"DELETE","service":"dscpms-api","status":403,"timestamp":"2025-12-22 03:51:55","url":"/api/v1/users/7"}
[32minfo[39m: Incoming request {"ip":"::ffff:127.0.0.1","method":"POST","service":"dscpms-api","timestamp":"2025-12-22 03:51:55","url":"/api/v1/auth/register"}
[32minfo[39m: New user registered: deleteme1766375515846 {"service":"dscpms-api","timestamp":"2025-12-22 03:51:56"}
[32minfo[39m: Request completed {"duration":"174ms","method":"POST","service":"dscpms-api","status":201,"timestamp":"2025-12-22 03:51:56","url":"/api/v1/auth/register"}
[32minfo[39m: Incoming request {"ip":"::ffff:127.0.0.1","method":"DELETE","service":"dscpms-api","timestamp":"2025-12-22 03:51:56","url":"/api/v1/users/3"}
[32minfo[39m: Request completed {"duration":"5ms","method":"DELETE","service":"dscpms-api","status":400,"timestamp":"2025-12-22 03:51:56","url":"/api/v1/users/3"}
[32minfo[39m: Incoming request {"ip":"::ffff:127.0.0.1","method":"POST","service":"dscpms-api","timestamp":"2025-12-22 03:51:56","url":"/api/v1/auth/register"}
[32minfo[39m: New user registered: deleteme1766375516033 {"service":"dscpms-api","timestamp":"2025-12-22 03:51:56"}
[32minfo[39m: Request completed {"duration":"181ms","method":"POST","service":"dscpms-api","status":201,"timestamp":"2025-12-22 03:51:56","url":"/api/v1/auth/register"}
[32minfo[39m: Incoming request {"ip":"::ffff:127.0.0.1","method":"DELETE","service":"dscpms-api","timestamp":"2025-12-22 03:51:56","url":"/api/v1/users/99999"}
[31merror[39m: Delete user error: User not found {"service":"dscpms-api","stack":"Error: User not found\n    at UserService.deleteUser (/app/src/services/UserService.js:174:23)\n    at processTicksAndRejections (node:internal/process/task_queues:105:5)\n    at deleteUser (/app/src/controllers/UserController.js:76:7)","status":404,"timestamp":"2025-12-22 03:51:56"}
[31merror[39m: User not found {"method":"DELETE","service":"dscpms-api","stack":"Error: User not found\n    at UserService.deleteUser (/app/src/services/UserService.js:174:23)\n    at processTicksAndRejections (node:internal/process/task_queues:105:5)\n    at deleteUser (/app/src/controllers/UserController.js:76:7)","timestamp":"2025-12-22 03:51:56","url":"/api/v1/users/99999"}
[32minfo[39m: Request completed {"duration":"12ms","method":"DELETE","service":"dscpms-api","status":404,"timestamp":"2025-12-22 03:51:56","url":"/api/v1/users/99999"}
[32minfo[39m: Incoming request {"ip":"::ffff:127.0.0.1","method":"POST","service":"dscpms-api","timestamp":"2025-12-22 03:51:56","url":"/api/v1/auth/register"}
[32minfo[39m: New user registered: deleteme1766375516236 {"service":"dscpms-api","timestamp":"2025-12-22 03:51:56"}
[32minfo[39m: Request completed {"duration":"176ms","method":"POST","service":"dscpms-api","status":201,"timestamp":"2025-12-22 03:51:56","url":"/api/v1/auth/register"}
[32minfo[39m: Incoming request {"ip":"::ffff:127.0.0.1","method":"DELETE","service":"dscpms-api","timestamp":"2025-12-22 03:51:56","url":"/api/v1/users/10"}
[32minfo[39m: Request completed {"duration":"2ms","method":"DELETE","service":"dscpms-api","status":401,"timestamp":"2025-12-22 03:51:56","url":"/api/v1/users/10"}
[32minfo[39m: Incoming request {"ip":"::ffff:127.0.0.1","method":"GET","service":"dscpms-api","timestamp":"2025-12-22 03:51:56","url":"/api/v1/users/1"}
[32minfo[39m: Request completed {"duration":"11ms","method":"GET","service":"dscpms-api","status":200,"timestamp":"2025-12-22 03:51:56","url":"/api/v1/users/1"}
[32minfo[39m: Incoming request {"ip":"::ffff:127.0.0.1","method":"GET","service":"dscpms-api","timestamp":"2025-12-22 03:51:56","url":"/api/v1/users/1"}
[32minfo[39m: Request completed {"duration":"10ms","method":"GET","service":"dscpms-api","status":200,"timestamp":"2025-12-22 03:51:56","url":"/api/v1/users/1"}
[32minfo[39m: Incoming request {"ip":"::ffff:127.0.0.1","method":"GET","service":"dscpms-api","timestamp":"2025-12-22 03:51:56","url":"/api/v1/users/1"}
[32minfo[39m: Request completed {"duration":"10ms","method":"GET","service":"dscpms-api","status":200,"timestamp":"2025-12-22 03:51:56","url":"/api/v1/users/1"}
[32minfo[39m: Incoming request {"ip":"::ffff:127.0.0.1","method":"PUT","service":"dscpms-api","timestamp":"2025-12-22 03:51:56","url":"/api/v1/users/1"}
[32minfo[39m: User updated: testgoon {"service":"dscpms-api","timestamp":"2025-12-22 03:51:56"}
[32minfo[39m: Request completed {"duration":"16ms","method":"PUT","service":"dscpms-api","status":200,"timestamp":"2025-12-22 03:51:56","url":"/api/v1/users/1"}
[32minfo[39m: Incoming request {"ip":"::ffff:127.0.0.1","method":"PUT","service":"dscpms-api","timestamp":"2025-12-22 03:51:56","url":"/api/v1/users/1"}
[32minfo[39m: User updated: testgoon {"service":"dscpms-api","timestamp":"2025-12-22 03:51:56"}
[32minfo[39m: Request completed {"duration":"15ms","method":"PUT","service":"dscpms-api","status":200,"timestamp":"2025-12-22 03:51:56","url":"/api/v1/users/1"}
[32minfo[39m: Incoming request {"ip":"::ffff:127.0.0.1","method":"PUT","service":"dscpms-api","timestamp":"2025-12-22 03:51:56","url":"/api/v1/users/1"}
[32minfo[39m: User updated: testgoon {"service":"dscpms-api","timestamp":"2025-12-22 03:51:56"}
[32minfo[39m: Request completed {"duration":"17ms","method":"PUT","service":"dscpms-api","status":200,"timestamp":"2025-12-22 03:51:56","url":"/api/v1/users/1"}
[32minfo[39m: Incoming request {"ip":"::ffff:127.0.0.1","method":"PUT","service":"dscpms-api","timestamp":"2025-12-22 03:51:56","url":"/api/v1/users/1"}
[32minfo[39m: User updated: testgoon {"service":"dscpms-api","timestamp":"2025-12-22 03:51:56"}
[32minfo[39m: Request completed {"duration":"15ms","method":"PUT","service":"dscpms-api","status":200,"timestamp":"2025-12-22 03:51:56","url":"/api/v1/users/1"}
[32minfo[39m: Incoming request {"ip":"::ffff:127.0.0.1","method":"GET","service":"dscpms-api","timestamp":"2025-12-22 03:51:56","url":"/api/v1/users/1/profile"}
[32minfo[39m: Request completed {"duration":"24ms","method":"GET","service":"dscpms-api","status":200,"timestamp":"2025-12-22 03:51:56","url":"/api/v1/users/1/profile"}
[32minfo[39m: Incoming request {"ip":"::ffff:127.0.0.1","method":"GET","service":"dscpms-api","timestamp":"2025-12-22 03:51:56","url":"/api/v1/users/1/profile"}
[32minfo[39m: Request completed {"duration":"18ms","method":"GET","service":"dscpms-api","status":200,"timestamp":"2025-12-22 03:51:56","url":"/api/v1/users/1/profile"}
[32minfo[39m: Incoming request {"ip":"::ffff:127.0.0.1","method":"GET","service":"dscpms-api","timestamp":"2025-12-22 03:51:56","url":"/api/v1/users/2/profile"}
[32minfo[39m: Request completed {"duration":"18ms","method":"GET","service":"dscpms-api","status":200,"timestamp":"2025-12-22 03:51:56","url":"/api/v1/users/2/profile"}
[32minfo[39m: Incoming request {"ip":"::ffff:127.0.0.1","method":"GET","service":"dscpms-api","timestamp":"2025-12-22 03:51:56","url":"/api/v1/users/1/profile"}
[32minfo[39m: Request completed {"duration":"17ms","method":"GET","service":"dscpms-api","status":200,"timestamp":"2025-12-22 03:51:56","url":"/api/v1/users/1/profile"}
[32minfo[39m: Incoming request {"ip":"::ffff:127.0.0.1","method":"GET","service":"dscpms-api","timestamp":"2025-12-22 03:51:56","url":"/api/v1/users/99999/profile"}
[31merror[39m: Get user profile error: User not found {"service":"dscpms-api","stack":"Error: User not found\n    at UserService.getUserProfile (/app/src/services/UserService.js:83:15)\n    at processTicksAndRejections (node:internal/process/task_queues:105:5)\n    at getUserProfile (/app/src/controllers/UserController.js:33:23)","timestamp":"2025-12-22 03:51:56"}
[31merror[39m: User not found {"method":"GET","service":"dscpms-api","stack":"Error: User not found\n    at UserService.getUserProfile (/app/src/services/UserService.js:83:15)\n    at processTicksAndRejections (node:internal/process/task_queues:105:5)\n    at getUserProfile (/app/src/controllers/UserController.js:33:23)","timestamp":"2025-12-22 03:51:56","url":"/api/v1/users/99999/profile"}
[32minfo[39m: Request completed {"duration":"10ms","method":"GET","service":"dscpms-api","status":500,"timestamp":"2025-12-22 03:51:56","url":"/api/v1/users/99999/profile"}
[32minfo[39m: Incoming request {"ip":"::ffff:127.0.0.1","method":"GET","service":"dscpms-api","timestamp":"2025-12-22 03:51:56","url":"/api/v1/users/1/tasks"}
[32minfo[39m: Request completed {"duration":"11ms","method":"GET","service":"dscpms-api","status":200,"timestamp":"2025-12-22 03:51:56","url":"/api/v1/users/1/tasks"}
[32minfo[39m: Incoming request {"ip":"::ffff:127.0.0.1","method":"GET","service":"dscpms-api","timestamp":"2025-12-22 03:51:56","url":"/api/v1/users/1/tasks?status=IN_PROGRESS"}
[32minfo[39m: Request completed {"duration":"9ms","method":"GET","service":"dscpms-api","status":200,"timestamp":"2025-12-22 03:51:56","url":"/api/v1/users/1/tasks?status=IN_PROGRESS"}
[32minfo[39m: Incoming request {"ip":"::ffff:127.0.0.1","method":"GET","service":"dscpms-api","timestamp":"2025-12-22 03:51:56","url":"/api/v1/users/1/tasks"}
[32minfo[39m: Request completed {"duration":"8ms","method":"GET","service":"dscpms-api","status":200,"timestamp":"2025-12-22 03:51:56","url":"/api/v1/users/1/tasks"}
[32minfo[39m: Incoming request {"ip":"::ffff:127.0.0.1","method":"GET","service":"dscpms-api","timestamp":"2025-12-22 03:51:56","url":"/api/v1/users/1/tasks"}
[32minfo[39m: Request completed {"duration":"8ms","method":"GET","service":"dscpms-api","status":200,"timestamp":"2025-12-22 03:51:56","url":"/api/v1/users/1/tasks"}
[32minfo[39m: Incoming request {"ip":"::ffff:127.0.0.1","method":"POST","service":"dscpms-api","timestamp":"2025-12-22 03:51:56","url":"/api/v1/auth/register"}
[32minfo[39m: New user registered: notasks {"service":"dscpms-api","timestamp":"2025-12-22 03:51:56"}
[32minfo[39m: Request completed {"duration":"174ms","method":"POST","service":"dscpms-api","status":201,"timestamp":"2025-12-22 03:51:56","url":"/api/v1/auth/register"}
[32minfo[39m: Incoming request {"ip":"::ffff:127.0.0.1","method":"GET","service":"dscpms-api","timestamp":"2025-12-22 03:51:56","url":"/api/v1/users/11/tasks"}
[32minfo[39m: Request completed {"duration":"6ms","method":"GET","service":"dscpms-api","status":200,"timestamp":"2025-12-22 03:51:56","url":"/api/v1/users/11/tasks"}
[32minfo[39m: Incoming request {"ip":"::ffff:127.0.0.1","method":"GET","service":"dscpms-api","timestamp":"2025-12-22 03:51:56","url":"/api/v1/users/1/transactions"}
[32minfo[39m: Request completed {"duration":"11ms","method":"GET","service":"dscpms-api","status":200,"timestamp":"2025-12-22 03:51:56","url":"/api/v1/users/1/transactions"}
[32minfo[39m: Incoming request {"ip":"::ffff:127.0.0.1","method":"GET","service":"dscpms-api","timestamp":"2025-12-22 03:51:56","url":"/api/v1/users/1/transactions?limit=1"}
[31merror[39m: Get user transactions error: You have an error in your SQL syntax; check the manual that corresponds to your MySQL server version for the right syntax to use near ''1'' at line 1 {"name":"SequelizeDatabaseError","original":{"code":"ER_PARSE_ERROR","errno":1064,"sql":"SELECT `Transaction`.`id`, `Transaction`.`user_id` AS `userId`, `Transaction`.`task_id` AS `taskId`, `Transaction`.`type`, `Transaction`.`amount`, `Transaction`.`description`, `Transaction`.`balance_before` AS `balanceBefore`, `Transaction`.`balance_after` AS `balanceAfter`, `Transaction`.`created_at`, `Task`.`id` AS `Task.id`, `Task`.`title` AS `Task.title` FROM `transactions` AS `Transaction` LEFT OUTER JOIN `tasks` AS `Task` ON `Transaction`.`task_id` = `Task`.`id` WHERE `Transaction`.`user_id` = '1' ORDER BY `Transaction`.`created_at` DESC LIMIT '1';","sqlMessage":"You have an error in your SQL syntax; check the manual that corresponds to your MySQL server version for the right syntax to use near ''1'' at line 1","sqlState":"42000"},"parameters":{},"parent":{"code":"ER_PARSE_ERROR","errno":1064,"sql":"SELECT `Transaction`.`id`, `Transaction`.`user_id` AS `userId`, `Transaction`.`task_id` AS `taskId`, `Transaction`.`type`, `Transaction`.`amount`, `Transaction`.`description`, `Transaction`.`balance_before` AS `balanceBefore`, `Transaction`.`balance_after` AS `balanceAfter`, `Transaction`.`created_at`, `Task`.`id` AS `Task.id`, `Task`.`title` AS `Task.title` FROM `transactions` AS `Transaction` LEFT OUTER JOIN `tasks` AS `Task` ON `Transaction`.`task_id` = `Task`.`id` WHERE `Transaction`.`user_id` = '1' ORDER BY `Transaction`.`created_at` DESC LIMIT '1';","sqlMessage":"You have an error in your SQL syntax; check the manual that corresponds to your MySQL server version for the right syntax to use near ''1'' at line 1","sqlState":"42000"},"service":"dscpms-api","sql":"SELECT `Transaction`.`id`, `Transaction`.`user_id` AS `userId`, `Transaction`.`task_id` AS `taskId`, `Transaction`.`type`, `Transaction`.`amount`, `Transaction`.`description`, `Transaction`.`balance_before` AS `balanceBefore`, `Transaction`.`balance_after` AS `balanceAfter`, `Transaction`.`created_at`, `Task`.`id` AS `Task.id`, `Task`.`title` AS `Task.title` FROM `transactions` AS `Transaction` LEFT OUTER JOIN `tasks` AS `Task` ON `Transaction`.`task_id` = `Task`.`id` WHERE `Transaction`.`user_id` = '1' ORDER BY `Transaction`.`created_at` DESC LIMIT '1';","stack":"Error: \n    at Query.run (/app/node_modules/sequelize/src/dialects/mysql/query.js:46:25)\n    at /app/node_modules/sequelize/src/sequelize.js:650:28\n    at processTicksAndRejections (node:internal/process/task_queues:105:5)\n    at MySQLQueryInterface.select (/app/node_modules/sequelize/src/dialects/abstract/query-interface.js:1001:12)\n    at Function.findAll (/app/node_modules/sequelize/src/model.js:1824:21)\n    at UserService.getUserTransactions (/app/src/services/UserService.js:239:28)\n    at getUserTransactions (/app/src/controllers/UserController.js:116:28)","timestamp":"2025-12-22 03:51:56"}
[31merror[39m: You have an error in your SQL syntax; check the manual that corresponds to your MySQL server version for the right syntax to use near ''1'' at line 1 {"method":"GET","service":"dscpms-api","stack":"Error: \n    at Query.run (/app/node_modules/sequelize/src/dialects/mysql/query.js:46:25)\n    at /app/node_modules/sequelize/src/sequelize.js:650:28\n    at processTicksAndRejections (node:internal/process/task_queues:105:5)\n    at MySQLQueryInterface.select (/app/node_modules/sequelize/src/dialects/abstract/query-interface.js:1001:12)\n    at Function.findAll (/app/node_modules/sequelize/src/model.js:1824:21)\n    at UserService.getUserTransactions (/app/src/services/UserService.js:239:28)\n    at getUserTransactions (/app/src/controllers/UserController.js:116:28)","timestamp":"2025-12-22 03:51:56","url":"/api/v1/users/1/transactions?limit=1"}
[32minfo[39m: Request completed {"duration":"9ms","method":"GET","service":"dscpms-api","status":500,"timestamp":"2025-12-22 03:51:56","url":"/api/v1/users/1/transactions?limit=1"}
[32minfo[39m: Incoming request {"ip":"::ffff:127.0.0.1","method":"GET","service":"dscpms-api","timestamp":"2025-12-22 03:51:56","url":"/api/v1/users/1/transactions"}
[32minfo[39m: Request completed {"duration":"8ms","method":"GET","service":"dscpms-api","status":200,"timestamp":"2025-12-22 03:51:57","url":"/api/v1/users/1/transactions"}
[32minfo[39m: Incoming request {"ip":"::ffff:127.0.0.1","method":"GET","service":"dscpms-api","timestamp":"2025-12-22 03:51:57","url":"/api/v1/users/1/transactions"}
[32minfo[39m: Request completed {"duration":"8ms","method":"GET","service":"dscpms-api","status":200,"timestamp":"2025-12-22 03:51:57","url":"/api/v1/users/1/transactions"}
[32minfo[39m: Incoming request {"ip":"::ffff:127.0.0.1","method":"GET","service":"dscpms-api","timestamp":"2025-12-22 03:51:57","url":"/api/v1/users/1/transactions"}
[32minfo[39m: Request completed {"duration":"8ms","method":"GET","service":"dscpms-api","status":200,"timestamp":"2025-12-22 03:51:57","url":"/api/v1/users/1/transactions"}
[32minfo[39m: Incoming request {"ip":"::ffff:127.0.0.1","method":"POST","service":"dscpms-api","timestamp":"2025-12-22 03:51:57","url":"/api/v1/auth/register"}
[32minfo[39m: New user registered: notrans {"service":"dscpms-api","timestamp":"2025-12-22 03:51:57"}
[32minfo[39m: Request completed {"duration":"181ms","method":"POST","service":"dscpms-api","status":201,"timestamp":"2025-12-22 03:51:57","url":"/api/v1/auth/register"}
[32minfo[39m: Incoming request {"ip":"::ffff:127.0.0.1","method":"GET","service":"dscpms-api","timestamp":"2025-12-22 03:51:57","url":"/api/v1/users/12/transactions"}
[32minfo[39m: Request completed {"duration":"11ms","method":"GET","service":"dscpms-api","status":200,"timestamp":"2025-12-22 03:51:57","url":"/api/v1/users/12/transactions"}
[32minfo[39m: Incoming request {"ip":"::ffff:127.0.0.1","method":"GET","service":"dscpms-api","timestamp":"2025-12-22 03:51:57","url":"/api/v1/users/stats/leaderboard"}
[32minfo[39m: Request completed {"duration":"7ms","method":"GET","service":"dscpms-api","status":200,"timestamp":"2025-12-22 03:51:57","url":"/api/v1/users/stats/leaderboard"}
[32minfo[39m: Incoming request {"ip":"::ffff:127.0.0.1","method":"GET","service":"dscpms-api","timestamp":"2025-12-22 03:51:57","url":"/api/v1/users/stats/leaderboard?limit=5"}
[31merror[39m: Get leaderboard error: You have an error in your SQL syntax; check the manual that corresponds to your MySQL server version for the right syntax to use near ''5'' at line 1 {"name":"SequelizeDatabaseError","original":{"code":"ER_PARSE_ERROR","errno":1064,"sql":"SELECT `id`, `username`, `role`, `balance`, `profile_picture` AS `profilePicture` FROM `users` AS `User` WHERE `User`.`is_active` = true ORDER BY `User`.`balance` DESC LIMIT '5';","sqlMessage":"You have an error in your SQL syntax; check the manual that corresponds to your MySQL server version for the right syntax to use near ''5'' at line 1","sqlState":"42000"},"parameters":{},"parent":{"code":"ER_PARSE_ERROR","errno":1064,"sql":"SELECT `id`, `username`, `role`, `balance`, `profile_picture` AS `profilePicture` FROM `users` AS `User` WHERE `User`.`is_active` = true ORDER BY `User`.`balance` DESC LIMIT '5';","sqlMessage":"You have an error in your SQL syntax; check the manual that corresponds to your MySQL server version for the right syntax to use near ''5'' at line 1","sqlState":"42000"},"service":"dscpms-api","sql":"SELECT `id`, `username`, `role`, `balance`, `profile_picture` AS `profilePicture` FROM `users` AS `User` WHERE `User`.`is_active` = true ORDER BY `User`.`balance` DESC LIMIT '5';","stack":"Error: \n    at Query.run (/app/node_modules/sequelize/src/dialects/mysql/query.js:46:25)\n    at /app/node_modules/sequelize/src/sequelize.js:650:28\n    at processTicksAndRejections (node:internal/process/task_queues:105:5)\n    at MySQLQueryInterface.select (/app/node_modules/sequelize/src/dialects/abstract/query-interface.js:1001:12)\n    at Function.findAll (/app/node_modules/sequelize/src/model.js:1824:21)\n    at UserService.getLeaderboard (/app/src/services/UserService.js:258:21)\n    at getLeaderboard (/app/src/controllers/UserController.js:132:27)","timestamp":"2025-12-22 03:51:57"}
[31merror[39m: You have an error in your SQL syntax; check the manual that corresponds to your MySQL server version for the right syntax to use near ''5'' at line 1 {"method":"GET","service":"dscpms-api","stack":"Error: \n    at Query.run (/app/node_modules/sequelize/src/dialects/mysql/query.js:46:25)\n    at /app/node_modules/sequelize/src/sequelize.js:650:28\n    at processTicksAndRejections (node:internal/process/task_queues:105:5)\n    at MySQLQueryInterface.select (/app/node_modules/sequelize/src/dialects/abstract/query-interface.js:1001:12)\n    at Function.findAll (/app/node_modules/sequelize/src/model.js:1824:21)\n    at UserService.getLeaderboard (/app/src/services/UserService.js:258:21)\n    at getLeaderboard (/app/src/controllers/UserController.js:132:27)","timestamp":"2025-12-22 03:51:57","url":"/api/v1/users/stats/leaderboard?limit=5"}
[32minfo[39m: Request completed {"duration":"8ms","method":"GET","service":"dscpms-api","status":500,"timestamp":"2025-12-22 03:51:57","url":"/api/v1/users/stats/leaderboard?limit=5"}
[32minfo[39m: Incoming request {"ip":"::ffff:127.0.0.1","method":"GET","service":"dscpms-api","timestamp":"2025-12-22 03:51:57","url":"/api/v1/users/stats/leaderboard"}
[32minfo[39m: Request completed {"duration":"7ms","method":"GET","service":"dscpms-api","status":200,"timestamp":"2025-12-22 03:51:57","url":"/api/v1/users/stats/leaderboard"}
[32minfo[39m: Incoming request {"ip":"::ffff:127.0.0.1","method":"GET","service":"dscpms-api","timestamp":"2025-12-22 03:51:57","url":"/api/v1/users/stats/leaderboard"}
[32minfo[39m: Request completed {"duration":"7ms","method":"GET","service":"dscpms-api","status":200,"timestamp":"2025-12-22 03:51:57","url":"/api/v1/users/stats/leaderboard"}
[32minfo[39m: Incoming request {"ip":"::ffff:127.0.0.1","method":"GET","service":"dscpms-api","timestamp":"2025-12-22 03:51:57","url":"/api/v1/users/stats/leaderboard"}
[32minfo[39m: Request completed {"duration":"6ms","method":"GET","service":"dscpms-api","status":200,"timestamp":"2025-12-22 03:51:57","url":"/api/v1/users/stats/leaderboard"}
[32minfo[39m: Incoming request {"ip":"::ffff:127.0.0.1","method":"GET","service":"dscpms-api","timestamp":"2025-12-22 03:51:57","url":"/api/v1/users/stats/leaderboard"}
[32minfo[39m: Request completed {"duration":"1ms","method":"GET","service":"dscpms-api","status":401,"timestamp":"2025-12-22 03:51:57","url":"/api/v1/users/stats/leaderboard"}
[32minfo[39m: Incoming request {"ip":"::ffff:127.0.0.1","method":"PUT","service":"dscpms-api","timestamp":"2025-12-22 03:51:57","url":"/api/v1/users/1"}
[32minfo[39m: Incoming request {"ip":"::ffff:127.0.0.1","method":"PUT","service":"dscpms-api","timestamp":"2025-12-22 03:51:57","url":"/api/v1/users/1"}
[32minfo[39m: User updated: testgoon {"service":"dscpms-api","timestamp":"2025-12-22 03:51:57"}
[32minfo[39m: Request completed {"duration":"18ms","method":"PUT","service":"dscpms-api","status":200,"timestamp":"2025-12-22 03:51:57","url":"/api/v1/users/1"}
[32minfo[39m: User updated: testgoon {"service":"dscpms-api","timestamp":"2025-12-22 03:51:57"}
[32minfo[39m: Request completed {"duration":"21ms","method":"PUT","service":"dscpms-api","status":200,"timestamp":"2025-12-22 03:51:57","url":"/api/v1/users/1"}
[32minfo[39m: Incoming request {"ip":"::ffff:127.0.0.1","method":"GET","service":"dscpms-api","timestamp":"2025-12-22 03:51:57","url":"/api/v1/users/not-a-number"}
[31merror[39m: Get user error: Invalid user ID format {"service":"dscpms-api","stack":"Error: Invalid user ID format\n    at UserService.getUserById (/app/src/services/UserService.js:38:23)\n    at getUserById (/app/src/controllers/UserController.js:19:38)\n    at Layer.handle [as handle_request] (/app/node_modules/express/lib/router/layer.js:95:5)\n    at next (/app/node_modules/express/lib/router/route.js:149:13)\n    at Route.dispatch (/app/node_modules/express/lib/router/route.js:119:3)\n    at Layer.handle [as handle_request] (/app/node_modules/express/lib/router/layer.js:95:5)\n    at /app/node_modules/express/lib/router/index.js:284:15\n    at param (/app/node_modules/express/lib/router/index.js:365:14)\n    at param (/app/node_modules/express/lib/router/index.js:376:14)\n    at Function.process_params (/app/node_modules/express/lib/router/index.js:421:3)\n    at next (/app/node_modules/express/lib/router/index.js:280:10)\n    at next (/app/src/middleware/auth.js:33:5)\n    at processTicksAndRejections (node:internal/process/task_queues:105:5)","status":400,"timestamp":"2025-12-22 03:51:57"}
[31merror[39m: Invalid user ID format {"method":"GET","service":"dscpms-api","stack":"Error: Invalid user ID format\n    at UserService.getUserById (/app/src/services/UserService.js:38:23)\n    at getUserById (/app/src/controllers/UserController.js:19:38)\n    at Layer.handle [as handle_request] (/app/node_modules/express/lib/router/layer.js:95:5)\n    at next (/app/node_modules/express/lib/router/route.js:149:13)\n    at Route.dispatch (/app/node_modules/express/lib/router/route.js:119:3)\n    at Layer.handle [as handle_request] (/app/node_modules/express/lib/router/layer.js:95:5)\n    at /app/node_modules/express/lib/router/index.js:284:15\n    at param (/app/node_modules/express/lib/router/index.js:365:14)\n    at param (/app/node_modules/express/lib/router/index.js:376:14)\n    at Function.process_params (/app/node_modules/express/lib/router/index.js:421:3)\n    at next (/app/node_modules/express/lib/router/index.js:280:10)\n    at next (/app/src/middleware/auth.js:33:5)\n    at processTicksAndRejections (node:internal/process/task_queues:105:5)","timestamp":"2025-12-22 03:51:57","url":"/api/v1/users/not-a-number"}
[32minfo[39m: Request completed {"duration":"7ms","method":"GET","service":"dscpms-api","status":400,"timestamp":"2025-12-22 03:51:57","url":"/api/v1/users/not-a-number"}
[32minfo[39m: Incoming request {"ip":"::ffff:127.0.0.1","method":"PUT","service":"dscpms-api","timestamp":"2025-12-22 03:51:57","url":"/api/v1/users/1"}
[32minfo[39m: User updated: testgoon {"service":"dscpms-api","timestamp":"2025-12-22 03:51:57"}
[32minfo[39m: Request completed {"duration":"16ms","method":"PUT","service":"dscpms-api","status":200,"timestamp":"2025-12-22 03:51:57","url":"/api/v1/users/1"}
[32minfo[39m: Incoming request {"ip":"::ffff:127.0.0.1","method":"PUT","service":"dscpms-api","timestamp":"2025-12-22 03:51:57","url":"/api/v1/users/1"}
[32minfo[39m: User updated: testgoon {"service":"dscpms-api","timestamp":"2025-12-22 03:51:57"}
[32minfo[39m: Request completed {"duration":"10ms","method":"PUT","service":"dscpms-api","status":200,"timestamp":"2025-12-22 03:51:57","url":"/api/v1/users/1"}
[32minfo[39m: Incoming request {"ip":"::ffff:127.0.0.1","method":"PUT","service":"dscpms-api","timestamp":"2025-12-22 03:51:57","url":"/api/v1/users/1/role"}
[32minfo[39m: Request completed {"duration":"8ms","method":"PUT","service":"dscpms-api","status":400,"timestamp":"2025-12-22 03:51:57","url":"/api/v1/users/1/role"}
[32minfo[39m: Incoming request {"ip":"::ffff:127.0.0.1","method":"GET","service":"dscpms-api","timestamp":"2025-12-22 03:51:57","url":"/api/v1/users/1%20OR%201=1"}
[31merror[39m: Get user error: Invalid user ID format {"service":"dscpms-api","stack":"Error: Invalid user ID format\n    at UserService.getUserById (/app/src/services/UserService.js:38:23)\n    at getUserById (/app/src/controllers/UserController.js:19:38)\n    at Layer.handle [as handle_request] (/app/node_modules/express/lib/router/layer.js:95:5)\n    at next (/app/node_modules/express/lib/router/route.js:149:13)\n    at Route.dispatch (/app/node_modules/express/lib/router/route.js:119:3)\n    at Layer.handle [as handle_request] (/app/node_modules/express/lib/router/layer.js:95:5)\n    at /app/node_modules/express/lib/router/index.js:284:15\n    at param (/app/node_modules/express/lib/router/index.js:365:14)\n    at param (/app/node_modules/express/lib/router/index.js:376:14)\n    at Function.process_params (/app/node_modules/express/lib/router/index.js:421:3)\n    at next (/app/node_modules/express/lib/router/index.js:280:10)\n    at next (/app/src/middleware/auth.js:33:5)\n    at processTicksAndRejections (node:internal/process/task_queues:105:5)","status":400,"timestamp":"2025-12-22 03:51:57"}
[31merror[39m: Invalid user ID format {"method":"GET","service":"dscpms-api","stack":"Error: Invalid user ID format\n    at UserService.getUserById (/app/src/services/UserService.js:38:23)\n    at getUserById (/app/src/controllers/UserController.js:19:38)\n    at Layer.handle [as handle_request] (/app/node_modules/express/lib/router/layer.js:95:5)\n    at next (/app/node_modules/express/lib/router/route.js:149:13)\n    at Route.dispatch (/app/node_modules/express/lib/router/route.js:119:3)\n    at Layer.handle [as handle_request] (/app/node_modules/express/lib/router/layer.js:95:5)\n    at /app/node_modules/express/lib/router/index.js:284:15\n    at param (/app/node_modules/express/lib/router/index.js:365:14)\n    at param (/app/node_modules/express/lib/router/index.js:376:14)\n    at Function.process_params (/app/node_modules/express/lib/router/index.js:421:3)\n    at next (/app/node_modules/express/lib/router/index.js:280:10)\n    at next (/app/src/middleware/auth.js:33:5)\n    at processTicksAndRejections (node:internal/process/task_queues:105:5)","timestamp":"2025-12-22 03:51:57","url":"/api/v1/users/1%20OR%201=1"}
[32minfo[39m: Request completed {"duration":"7ms","method":"GET","service":"dscpms-api","status":400,"timestamp":"2025-12-22 03:51:57","url":"/api/v1/users/1%20OR%201=1"}
[32minfo[39m: Incoming request {"ip":"::ffff:127.0.0.1","method":"PUT","service":"dscpms-api","timestamp":"2025-12-22 03:51:57","url":"/api/v1/users/1"}
[32minfo[39m: Request completed {"duration":"5ms","method":"PUT","service":"dscpms-api","status":400,"timestamp":"2025-12-22 03:51:57","url":"/api/v1/users/1"}
[32minfo[39m: Incoming request {"ip":"::ffff:127.0.0.1","method":"PUT","service":"dscpms-api","timestamp":"2025-12-22 03:51:57","url":"/api/v1/users/1"}
[32minfo[39m: User updated: testgoon {"service":"dscpms-api","timestamp":"2025-12-22 03:51:57"}
[32minfo[39m: Request completed {"duration":"14ms","method":"PUT","service":"dscpms-api","status":200,"timestamp":"2025-12-22 03:51:57","url":"/api/v1/users/1"}
[32minfo[39m: Incoming request {"ip":"::ffff:127.0.0.1","method":"POST","service":"dscpms-api","timestamp":"2025-12-22 03:51:57","url":"/api/v1/auth/register"}
[32minfo[39m: New user registered: isolationtest {"service":"dscpms-api","timestamp":"2025-12-22 03:51:57"}
[32minfo[39m: Request completed {"duration":"175ms","method":"POST","service":"dscpms-api","status":201,"timestamp":"2025-12-22 03:51:57","url":"/api/v1/auth/register"}
[32minfo[39m: Incoming request {"ip":"::ffff:127.0.0.1","method":"POST","service":"dscpms-api","timestamp":"2025-12-22 03:51:57","url":"/api/v1/auth/login"}
[32minfo[39m: User logged in: isolationtest {"service":"dscpms-api","timestamp":"2025-12-22 03:51:57"}
[32minfo[39m: Request completed {"duration":"171ms","method":"POST","service":"dscpms-api","status":200,"timestamp":"2025-12-22 03:51:57","url":"/api/v1/auth/login"}
[32minfo[39m: Incoming request {"ip":"::ffff:127.0.0.1","method":"GET","service":"dscpms-api","timestamp":"2025-12-22 03:51:57","url":"/api/v1/users"}
[32minfo[39m: Request completed {"duration":"11ms","method":"GET","service":"dscpms-api","status":200,"timestamp":"2025-12-22 03:51:57","url":"/api/v1/users"}
[32minfo[39m: Incoming request {"ip":"::ffff:127.0.0.1","method":"GET","service":"dscpms-api","timestamp":"2025-12-22 03:51:57","url":"/api/v1/users/1"}
[32minfo[39m: Request completed {"duration":"8ms","method":"GET","service":"dscpms-api","status":200,"timestamp":"2025-12-22 03:51:57","url":"/api/v1/users/1"}
[32minfo[39m: Incoming request {"ip":"::ffff:127.0.0.1","method":"GET","service":"dscpms-api","timestamp":"2025-12-22 03:51:57","url":"/api/v1/users/1/tasks"}
[32minfo[39m: Request completed {"duration":"8ms","method":"GET","service":"dscpms-api","status":200,"timestamp":"2025-12-22 03:51:57","url":"/api/v1/users/1/tasks"}
[32minfo[39m: Incoming request {"ip":"::ffff:127.0.0.1","method":"GET","service":"dscpms-api","timestamp":"2025-12-22 03:51:57","url":"/api/v1/users/1/transactions"}
[32minfo[39m: Request completed {"duration":"9ms","method":"GET","service":"dscpms-api","status":200,"timestamp":"2025-12-22 03:51:57","url":"/api/v1/users/1/transactions"}
[32minfo[39m: Incoming request {"ip":"::ffff:127.0.0.1","method":"GET","service":"dscpms-api","timestamp":"2025-12-22 03:51:57","url":"/api/v1/users?page=1&limit=10"}
[32minfo[39m: Request completed {"duration":"12ms","method":"GET","service":"dscpms-api","status":200,"timestamp":"2025-12-22 03:51:57","url":"/api/v1/users?page=1&limit=10"}
[32minfo[39m: Incoming request {"ip":"::ffff:127.0.0.1","method":"GET","service":"dscpms-api","timestamp":"2025-12-22 03:51:57","url":"/api/v1/users?page=1&limit=2"}
[32minfo[39m: Request completed {"duration":"11ms","method":"GET","service":"dscpms-api","status":200,"timestamp":"2025-12-22 03:51:57","url":"/api/v1/users?page=1&limit=2"}
[32minfo[39m: Incoming request {"ip":"::ffff:127.0.0.1","method":"GET","service":"dscpms-api","timestamp":"2025-12-22 03:51:57","url":"/api/v1/users?page=2&limit=2"}
[32minfo[39m: Request completed {"duration":"16ms","method":"GET","service":"dscpms-api","status":200,"timestamp":"2025-12-22 03:51:57","url":"/api/v1/users?page=2&limit=2"}
FAIL __tests__/user.test.js (16.36 s)
  User Controller - Comprehensive Tests
    GET /api/v1/users - Get All Users
      Authorization
        Γ£ô should allow admin to get all users from their team (team isolation) (27 ms)
        Γ£ô should deny access to non-admin users (GOON) (13 ms)
        Γ£ô should deny access to non-admin users (HASHIRA) (10 ms)
        Γ£ô should deny access without token (7 ms)
      Response Data
        Γ£ô should not include passwords in response (23 ms)
        Γ£ô should return user with all expected fields (17 ms)
    GET /api/v1/users/:id - Get User By ID
      Successful Retrieval
        Γ£ô should get user by ID with valid token (15 ms)
        Γ£ò should allow users to view team member profiles (team isolation) (17 ms)
        Γ£ò should prevent viewing profiles from other teams (188 ms)
        Γ£ô should not include password in response (13 ms)
      Error Handling
        Γ£ô should return 404 for non-existent user (31 ms)
        Γ£ô should return 400 for invalid ID format (15 ms)
        Γ£ô should deny access without token (5 ms)
    PUT /api/v1/users/:id - Update User
      Successful Updates
        Γ£ô should allow user to update their own profile (25 ms)
        Γ£ô should allow admin to update any user (24 ms)
        Γ£ô should update only provided fields (28 ms)
      Authorization Rules
        Γ£ô should prevent user from updating another user (10 ms)
        Γ£ô should prevent changing role without admin (13 ms)
        Γ£ô should allow admin to change user role (196 ms)
      Validation
        Γ£ô should validate email format on update (12 ms)
        Γ£ô should prevent duplicate email (75 ms)
        Γ£ô should prevent duplicate username (22 ms)
      Security
        Γ£ô should not allow updating password through this endpoint (191 ms)
        Γ£ô should not allow updating id (16 ms)
    DELETE /api/v1/users/:id - Delete User
      Authorization
        Γ£ô should allow admin to delete users (216 ms)
        Γ£ô should prevent non-admin from deleting users (189 ms)
        Γ£ô should prevent user from deleting themselves (186 ms)
      Error Handling
        Γ£ô should return 404 for non-existent user (203 ms)
        Γ£ô should deny access without token (185 ms)
    User Balance Operations
      Γ£ô should initialize balance to 0 for new users (15 ms)
      Γ£ô should store balance with 2 decimal precision (25 ms)
    User Status Management
      Γ£ô should set isActive to true by default (14 ms)
      Γ£ô should allow admin to deactivate user (22 ms)
    User Profile Information
      Γ£ô should allow setting custom bio (19 ms)
      Γ£ô should allow setting profile picture URL (21 ms)
      Γ£ô should allow clearing bio (20 ms)
    GET /api/v1/users/:id/profile - Get User Profile with Statistics
      Γ£ò should get user profile with all statistics (30 ms)
      Γ£ò should allow users to view their own profile (23 ms)
      Γ£ò should allow viewing team member profiles (22 ms)
      Γ£ô should not include password in profile response (22 ms)
      Γ£ò should return 404 for non-existent user profile (15 ms)
    GET /api/v1/users/:id/tasks - Get User Tasks
      Γ£ô should get all tasks for a user (23 ms)
      Γ£ô should filter tasks by status (15 ms)
      Γ£ô should allow users to view their own tasks (12 ms)
      Γ£ô should allow admin to view any user tasks (11 ms)
      Γ£ô should return empty array for user with no tasks (189 ms)
    GET /api/v1/users/:id/transactions - Get User Transactions
      Γ£ô should get all transactions for a user (16 ms)
      Γ£ò should limit transactions when limit parameter provided (14 ms)
      Γ£ô should include transaction details (12 ms)
      Γ£ô should allow users to view their own transactions (12 ms)
      Γ£ô should allow admin to view any user transactions (11 ms)
      Γ£ô should return empty array for user with no transactions (201 ms)
    GET /api/v1/users/stats/leaderboard - Get Leaderboard
      Γ£ô should get leaderboard with top users by balance (12 ms)
      Γ£ò should limit leaderboard results when limit provided (13 ms)
      Γ£ô should order users by balance descending (37 ms)
      Γ£ô should include user details in leaderboard (11 ms)
      Γ£ô should not include passwords in leaderboard (13 ms)
      Γ£ô should require authentication for leaderboard (5 ms)
    Edge Cases and Error Handling
      Γ£ô should handle concurrent update requests (29 ms)
      Γ£ô should handle invalid user ID format gracefully (11 ms)
      Γ£ô should handle null values in update (20 ms)
      Γ£ô should handle empty update request (15 ms)
      Γ£ô should validate role values when updating (13 ms)
      Γ£ô should prevent SQL injection in user ID (10 ms)
      Γ£ô should handle very long bio text (9 ms)
      Γ£ô should handle special characters in profile data (19 ms)
    Team Isolation Enforcement
      Γ£ò should prevent viewing users from other teams in user list (16 ms)
      Γ£ò should prevent cross-team profile access (12 ms)
      Γ£ò should prevent cross-team task viewing (12 ms)
      Γ£ò should prevent cross-team transaction viewing (13 ms)
    Performance and Pagination
      Γ£ò should handle pagination for user list (16 ms)
      Γ£ò should return consistent results across pages (38 ms)

  ΓùÅ User Controller - Comprehensive Tests ΓÇ║ GET /api/v1/users/:id - Get User By ID ΓÇ║ Successful Retrieval ΓÇ║ should allow users to view team member profiles (team isolation)

    expect(received).toBe(expected) // Object.is equality

    Expected: 1
    Received: null

      201 |         expect(res.statusCode).toBe(200);
      202 |         expect(res.body.data.username).toBe('testhashira');
    > 203 |         expect(res.body.data.teamId).toBe(testTeam.id); // Same team
          |                                      ^
      204 |       });
      205 |
      206 |       /**

      at Object.toBe (__tests__/user.test.js:203:38)

  ΓùÅ User Controller - Comprehensive Tests ΓÇ║ GET /api/v1/users/:id - Get User By ID ΓÇ║ Successful Retrieval ΓÇ║ should prevent viewing profiles from other teams

    expect(received).toContain(expected) // indexOf

    Expected value: 200
    Received array: [403, 404]

      227 |
      228 |         // Should be forbidden or not found
    > 229 |         expect([403, 404]).toContain(res.statusCode);
          |                            ^
      230 |       });
      231 |
      232 |       it('should not include password in response', async () => {

      at Object.toContain (__tests__/user.test.js:229:28)

  ΓùÅ User Controller - Comprehensive Tests ΓÇ║ GET /api/v1/users/:id/profile - Get User Profile with Statistics ΓÇ║ should get user profile with all statistics

    expect(received).toHaveProperty(path)

    Expected path: "id"
    Received path: []

    Received value: {"stats": {"completionRate": 0, "currentBalance": "123.46", "tasksAssigned": 0, "tasksCompleted": 0, "tasksCreated": 0, "tasksInProgress": 0, "totalEarned": 0, "totalPenalties": 0}, "user": {"Licenses": [], "balance": "123.46", "bio": null, "created_at": "2025-12-22T03:51:52.000Z", "email": "goon@test.com", "id": 1, "isActive": true, "lastLogin": "2025-12-22T03:51:55.000Z", "profilePicture": "https://example.com/profile.jpg", "role": "GOON", "teamId": null, "updated_at": "2025-12-22T03:51:56.000Z", "username": "testgoon"}}

      593 |       expect(res.statusCode).toBe(200);
      594 |       expect(res.body.success).toBe(true);
    > 595 |       expect(res.body.data).toHaveProperty('id');
          |                             ^
      596 |       expect(res.body.data).toHaveProperty('username');
      597 |       expect(res.body.data).toHaveProperty('email');
      598 |       expect(res.body.data).toHaveProperty('role');

      at Object.toHaveProperty (__tests__/user.test.js:595:29)

  ΓùÅ User Controller - Comprehensive Tests ΓÇ║ GET /api/v1/users/:id/profile - Get User Profile with Statistics ΓÇ║ should allow users to view their own profile

    expect(received).toBe(expected) // Object.is equality

    Expected: "testgoon"
    Received: undefined

      606 |
      607 |       expect(res.statusCode).toBe(200);
    > 608 |       expect(res.body.data.username).toBe('testgoon');
          |                                      ^
      609 |     });
      610 |
      611 |     it('should allow viewing team member profiles', async () => {

      at Object.toBe (__tests__/user.test.js:608:38)

  ΓùÅ User Controller - Comprehensive Tests ΓÇ║ GET /api/v1/users/:id/profile - Get User Profile with Statistics ΓÇ║ should allow viewing team member profiles

    expect(received).toBe(expected) // Object.is equality

    Expected: "testhashira"
    Received: undefined

      615 |
      616 |       expect(res.statusCode).toBe(200);
    > 617 |       expect(res.body.data.username).toBe('testhashira');
          |                                      ^
      618 |     });
      619 |
      620 |     it('should not include password in profile response', async () => {

      at Object.toBe (__tests__/user.test.js:617:38)

  ΓùÅ User Controller - Comprehensive Tests ΓÇ║ GET /api/v1/users/:id/profile - Get User Profile with Statistics ΓÇ║ should return 404 for non-existent user profile

    expect(received).toBe(expected) // Object.is equality

    Expected: 404
    Received: 500

      631 |         .set('Authorization', `Bearer ${goonToken}`);
      632 |
    > 633 |       expect(res.statusCode).toBe(404);
          |                              ^
      634 |     });
      635 |   });
      636 |

      at Object.toBe (__tests__/user.test.js:633:30)

  ΓùÅ User Controller - Comprehensive Tests ΓÇ║ GET /api/v1/users/:id/transactions - Get User Transactions ΓÇ║ should limit transactions when limit parameter provided

    expect(received).toBe(expected) // Object.is equality

    Expected: 200
    Received: 500

      749 |         .set('Authorization', `Bearer ${goonToken}`);
      750 |
    > 751 |       expect(res.statusCode).toBe(200);
          |                              ^
      752 |       expect(res.body.data.length).toBeLessThanOrEqual(1);
      753 |     });
      754 |

      at Object.toBe (__tests__/user.test.js:751:30)

  ΓùÅ User Controller - Comprehensive Tests ΓÇ║ GET /api/v1/users/stats/leaderboard - Get Leaderboard ΓÇ║ should limit leaderboard results when limit provided

    expect(received).toBe(expected) // Object.is equality

    Expected: 200
    Received: 500

      817 |         .set('Authorization', `Bearer ${goonToken}`);
      818 |
    > 819 |       expect(res.statusCode).toBe(200);
          |                              ^
      820 |       expect(res.body.data.length).toBeLessThanOrEqual(5);
      821 |     });
      822 |

      at Object.toBe (__tests__/user.test.js:819:30)

  ΓùÅ User Controller - Comprehensive Tests ΓÇ║ Team Isolation Enforcement ΓÇ║ should prevent viewing users from other teams in user list

    expect(received).toBeUndefined()

    Received: {"Licenses": [], "balance": "0.00", "bio": null, "created_at": "2025-12-22T03:51:57.000Z", "email": "isolation@test.com", "id": 13, "isActive": true, "lastLogin": "2025-12-22T03:51:57.000Z", "profilePicture": null, "role": "GOON", "teamId": null, "updated_at": "2025-12-22T03:51:57.000Z", "username": "isolationtest"}

      1004 |       // Should not include users from other teams
      1005 |       const otherTeamUserInList = res.body.data.find(u => u.id === otherTeamUser);
    > 1006 |       expect(otherTeamUserInList).toBeUndefined();
           |                                   ^
      1007 |     });
      1008 |
      1009 |     it('should prevent cross-team profile access', async () => {

      at Object.toBeUndefined (__tests__/user.test.js:1006:35)

  ΓùÅ User Controller - Comprehensive Tests ΓÇ║ Team Isolation Enforcement ΓÇ║ should prevent cross-team profile access

    expect(received).toContain(expected) // indexOf

    Expected value: 200
    Received array: [403, 404]

      1012 |         .set('Authorization', `Bearer ${otherTeamToken}`);
      1013 |
    > 1014 |       expect([403, 404]).toContain(res.statusCode);
           |                          ^
      1015 |     });
      1016 |
      1017 |     it('should prevent cross-team task viewing', async () => {

      at Object.toContain (__tests__/user.test.js:1014:26)

  ΓùÅ User Controller - Comprehensive Tests ΓÇ║ Team Isolation Enforcement ΓÇ║ should prevent cross-team task viewing

    expect(received).toContain(expected) // indexOf

    Expected value: 200
    Received array: [403, 404]

      1020 |         .set('Authorization', `Bearer ${otherTeamToken}`);
      1021 |
    > 1022 |       expect([403, 404]).toContain(res.statusCode);
           |                          ^
      1023 |     });
      1024 |
      1025 |     it('should prevent cross-team transaction viewing', async () => {

      at Object.toContain (__tests__/user.test.js:1022:26)

  ΓùÅ User Controller - Comprehensive Tests ΓÇ║ Team Isolation Enforcement ΓÇ║ should prevent cross-team transaction viewing

    expect(received).toContain(expected) // indexOf

    Expected value: 200
    Received array: [403, 404]

      1028 |         .set('Authorization', `Bearer ${otherTeamToken}`);
      1029 |
    > 1030 |       expect([403, 404]).toContain(res.statusCode);
           |                          ^
      1031 |     });
      1032 |   });
      1033 |

      at Object.toContain (__tests__/user.test.js:1030:26)

  ΓùÅ User Controller - Comprehensive Tests ΓÇ║ Performance and Pagination ΓÇ║ should handle pagination for user list

    expect(received).toBeLessThanOrEqual(expected)

    Expected: <= 10
    Received:    13

      1039 |
      1040 |       expect(res.statusCode).toBe(200);
    > 1041 |       expect(res.body.data.length).toBeLessThanOrEqual(10);
           |                                    ^
      1042 |     });
      1043 |
      1044 |     it('should return consistent results across pages', async () => {

      at Object.toBeLessThanOrEqual (__tests__/user.test.js:1041:36)

  ΓùÅ User Controller - Comprehensive Tests ΓÇ║ Performance and Pagination ΓÇ║ should return consistent results across pages

    expect(received).toBe(expected) // Object.is equality

    Expected: 0
    Received: 13

      1058 |       const page2Ids = page2.body.data.map(u => u.id);
      1059 |       const intersection = page1Ids.filter(id => page2Ids.includes(id));
    > 1060 |       expect(intersection.length).toBe(0);
           |                                   ^
      1061 |     });
      1062 |   });
      1063 | });

      at Object.toBe (__tests__/user.test.js:1060:35)

----------------------------|---------|----------|---------|---------|-----------------------------------------------------------
File                        | % Stmts | % Branch | % Funcs | % Lines | Uncovered Line #s                                         
----------------------------|---------|----------|---------|---------|-----------------------------------------------------------
All files                   |   45.51 |     30.7 |   34.53 |   45.46 |                                                           
 src                        |   53.44 |    55.55 |       0 |   53.44 |                                                           
  server.js                 |   53.44 |    55.55 |       0 |   53.44 | 50,66-92,98-99,104-105,110-112,116-118,123                
 src/config                 |     100 |       50 |     100 |     100 |                                                           
  database.js               |     100 |       50 |     100 |     100 | 5-30                                                      
 src/controllers            |   32.46 |       26 |   30.95 |   32.46 |                                                           
  AuthController.js         |   43.47 |        0 |      50 |   43.47 | 16-24,40-69                                               
  BountyController.js       |   13.33 |      100 |       0 |   13.33 | 5-49                                                      
  LicenseController.js      |   11.76 |        0 |       0 |   11.76 | 32-107                                                    
  NotificationController.js |    8.69 |      100 |       0 |    8.69 | 30-165                                                    
  TaskController.js         |    5.26 |      100 |       0 |    5.26 | 5-125                                                     
  TeamController.js         |   23.61 |    20.68 |      20 |   23.61 | 40,89-232,272-407                                         
  UserController.js         |   93.02 |     87.5 |     100 |   93.02 | 13,97,110                                                 
 src/database               |   57.14 |       50 |       0 |   57.14 |                                                           
  connection.js             |   57.14 |       50 |       0 |   57.14 | 23-29                                                     
 src/middleware             |   73.27 |       62 |   83.33 |   73.04 |                                                           
  auth.js                   |      84 |    83.33 |     100 |      84 | 25,35-36,46                                               
  errorHandler.js           |   70.58 |    64.28 |      50 |   70.58 | 13-16,37,44,59                                            
  requestLogger.js          |     100 |      100 |     100 |     100 |                                                           
  validateLicense.js        |   60.41 |       50 |     100 |   60.41 | 19-20,33-34,42-43,53-56,73-74,91-92,98-99,105-106,125,131 
  validation.js             |   82.35 |       50 |      80 |   81.25 | 82-85                                                     
 src/models                 |   96.87 |       50 |     100 |   96.87 |                                                           
  License.js                |     100 |      100 |     100 |     100 |                                                           
  Notification.js           |     100 |      100 |     100 |     100 |                                                           
  Task.js                   |     100 |      100 |     100 |     100 |                                                           
  Team.js                   |     100 |      100 |     100 |     100 |                                                           
  Transaction.js            |     100 |      100 |     100 |     100 |                                                           
  User.js                   |   88.23 |       50 |     100 |   88.23 | 76-77                                                     
  index.js                  |     100 |      100 |     100 |     100 |                                                           
 src/routes                 |   99.15 |      100 |       0 |   99.15 |                                                           
  authRoutes.js             |     100 |      100 |     100 |     100 |                                                           
  bountyRoutes.js           |     100 |      100 |     100 |     100 |                                                           
  index.js                  |   94.73 |      100 |       0 |   94.73 | 14                                                        
  licenseRoutes.js          |     100 |      100 |     100 |     100 |                                                           
  notificationRoutes.js     |     100 |      100 |     100 |     100 |                                                           
  taskRoutes.js             |     100 |      100 |     100 |     100 |                                                           
  teamRoutes.js             |     100 |      100 |     100 |     100 |                                                           
  userRoutes.js             |     100 |      100 |     100 |     100 |                                                           
 src/services               |   27.31 |    20.17 |   24.24 |   27.24 |                                                           
  AuthService.js            |   51.56 |    53.12 |      60 |   51.56 | 20,30-31,60,64,70,78-80,121-122,148-183                   
  BountyService.js          |    7.04 |        0 |       0 |    7.04 | 8-208                                                     
  LicenseService.js         |      40 |    16.66 |      50 |      40 | 19,31,42-43,67-114                                        
  NotificationService.js    |    6.49 |        0 |       0 |    6.57 | 6-225                                                     
  TaskService.js            |    4.57 |        0 |       0 |    4.57 | 10-423                                                    
  TeamService.js            |   16.19 |     5.26 |      10 |   16.19 | 23,29,59-373                                              
  UserService.js            |   84.84 |    76.47 |     100 |   84.69 | 11,15,29-30,61-63,149-151,197,207-208,232-233             
 src/utils                  |     100 |       75 |     100 |     100 |                                                           
  logger.js                 |     100 |       75 |     100 |     100 | 31                                                        
----------------------------|---------|----------|---------|---------|-----------------------------------------------------------
Test Suites: 1 failed, 1 total
Tests:       14 failed, 58 passed, 72 total
Snapshots:   0 total
Time:        20.576 s
Ran all test suites matching /user.test.js/i.
